// Jest Snapshot v1, https://goo.gl/fbAQLP

exports[`polls all available tasks 1`] = `
Array [
  Object {
    "completed": false,
    "createdAt": 1,
    "id": "first-task",
    "subtasks": Array [],
    "tags": Array [],
    "title": "first",
  },
  Object {
    "completed": false,
    "createdAt": 2,
    "deadline": 2010-01-01T00:00:02.668Z,
    "id": "second-task",
    "subtasks": Array [],
    "tags": Array [],
    "title": "second",
  },
  Object {
    "completed": false,
    "createdAt": 2010-01-01T00:00:02.668Z,
    "id": "third-task",
    "project": "test",
    "subtasks": Array [],
    "tags": Array [
      Object {
        "id": "html",
        "name": "HTML",
      },
    ],
    "title": "third",
  },
]
`;
