// Jest Snapshot v1, https://goo.gl/fbAQLP

exports[`renders 1`] = `
<div
  class="inboxPage"
>
  <div
    class="toolbar"
  >
    <ul
      class="container"
    >
      <li
        class="item"
      >
        <a
          aria-current="page"
          class="link active"
          href="/"
        >
          <div
            name="inbox"
            size="20"
          >
            icon-
            inbox
          </div>
        </a>
      </li>
    </ul>
  </div>
  <header
    class="header"
  >
    <div
      name="inbox"
      size="30"
    >
      icon-
      inbox
    </div>
    <h1
      class="title"
    >
      Inbox
    </h1>
    <div
      class="menu"
      name="dots"
      size="20"
    >
      icon-
      dots
    </div>
  </header>
  <div
    class="content"
  >
    <p>
      Tasks are empty.
    </p>
    <footer
      class="footer"
    >
      <button
        class="button sc-bwzfXH gfRuPt"
      >
        Create Task
      </button>
    </footer>
  </div>
</div>
`;
