// Jest Snapshot v1, https://goo.gl/fbAQLP

exports[`renders 1`] = `
<div
  class="projectsPage"
>
  <header
    class="toolbar"
  >
    <ul
      class="container"
    >
      <li
        class="item"
      >
        <a
          aria-current="page"
          class="link active"
          href="/"
        >
          <div
            name="inbox"
            size="20"
          >
            icon-
            inbox
          </div>
        </a>
      </li>
    </ul>
  </header>
  <h1
    class="title"
  >
    Projects
  </h1>
  <ul
    class="list"
  />
  <button
    class="sc-bdVaJa fFWIpk"
  >
    Create Project
  </button>
</div>
`;
